<area shape="rect" id="node1" href="org.car2x.veins.modules.application.advanced_flooding.AdvancedFlooding.html" title="Simple Module AdvancedFlooding" alt="" coords="33,5,163,31">
<area shape="rect" id="node2" href="org.car2x.veins.modules.world.annotations.AnnotationDummy.html" title="Simple Module AnnotationDummy" alt="" coords="186,5,317,31">
<area shape="rect" id="node3" href="org.car2x.veins.modules.world.annotations.AnnotationManager.html" title="Simple Module AnnotationManager" alt="" coords="5,79,140,104">
<area shape="rect" id="node4" href="org.car2x.veins.nodes.Scenario.html" title="Network Scenario" alt="" coords="341,5,415,31">
<area shape="rect" id="node11" href="org.car2x.veins.base.modules.BaseWorldUtility.html" title="Simple Module BaseWorldUtility" alt="" coords="165,79,285,104">
<area shape="rect" id="node17" href="org.car2x.veins.base.connectionManager.ConnectionManager.html" title="Simple Module ConnectionManager" alt="" coords="309,79,447,104">
<area shape="rect" id="node44" href="org.car2x.veins.modules.obstacle.ObstacleControl.html" title="Simple Module ObstacleControl" alt="" coords="472,79,588,104">
<area shape="rect" id="node56" href="org.car2x.veins.modules.mobility.traci.TraCIScenarioManagerLaunchd.html" title="Simple Module TraCIScenarioManagerLaunchd" alt="" coords="613,79,818,104">
<area shape="rect" id="node5" href="org.car2x.veins.base.modules.BaseLayer.html" title="Simple Module BaseLayer" alt="" coords="439,5,523,31">
<area shape="rect" id="node6" href="org.car2x.veins.base.modules.BaseMacLayer.html" title="Simple Module BaseMacLayer" alt="" coords="547,5,657,31">
<area shape="rect" id="node7" href="org.car2x.veins.base.modules.BaseMobility.html" title="Simple Module BaseMobility" alt="" coords="1097,152,1195,177">
<area shape="rect" id="node8" href="org.car2x.veins.nodes.RSU.html" title="Compound Module RSU" alt="" coords="1303,79,1375,104">
<area shape="rect" id="node13" href="org.car2x.veins.modules.nic.INic80211p.html" title="Module Interface INic80211p" alt="" coords="1358,152,1446,177">
<area shape="rect" id="node15" href="org.car2x.veins.base.modules.IBaseApplLayer.html" title="Module Interface IBaseApplLayer" alt="" coords="1219,152,1334,177">
<area shape="rect" id="node16" href="ned.IdealChannel.html" title="Channel IdealChannel" alt="" coords="1470,152,1569,177">
<area shape="rect" id="node9" href="org.car2x.veins.base.phyLayer.BasePhyLayer.html" title="Simple Module BasePhyLayer" alt="" coords="1925,5,2031,31">
<area shape="rect" id="node10" href="org.car2x.veins.modules.application.ieee80211p.BaseWaveApplLayer.html" title="Simple Module BaseWaveApplLayer" alt="" coords="2055,5,2199,31">
<area shape="rect" id="node12" href="org.car2x.veins.nodes.Car.html" title="Compound Module Car" alt="" coords="1442,79,1514,104">
<area shape="rect" id="node14" href="org.car2x.veins.base.modules.IMobility.html" title="Module Interface IMobility" alt="" coords="1593,152,1665,177">
<area shape="rect" id="node18" href="ned.DatarateChannel.html" title="Channel DatarateChannel" alt="" coords="2223,5,2343,31">
<area shape="rect" id="node19" href="org.car2x.veins.modules.application.default_veins_TraCI.default_veins_TraCI.html" title="Simple Module default_veins_TraCI" alt="" coords="2367,5,2506,31">
<area shape="rect" id="node20" href="org.car2x.veins.modules.application.default_veins_TraCI.default_veins_TraCI_RSU.html" title="Simple Module default_veins_TraCI_RSU" alt="" coords="2531,5,2705,31">
<area shape="rect" id="node21" href="org.car2x.veins.modules.application.default_veins_TraCI.default_veins_TraCI_TestApp.html" title="Simple Module default_veins_TraCI_TestApp" alt="" coords="2730,5,2925,31">
<area shape="rect" id="node22" href="ned.DelayChannel.html" title="Channel DelayChannel" alt="" coords="2949,5,3053,31">
<area shape="rect" id="node23" href="org.car2x.veins.modules.application.epidemic.epidemic.html" title="Simple Module epidemic" alt="" coords="3077,5,3151,31">
<area shape="rect" id="node24" href="org.car2x.veins.modules.application.epidemic.epidemic_app.html" title="Simple Module epidemic_app" alt="" coords="3176,5,3279,31">
<area shape="rect" id="node25" href="org.car2x.veins.modules.application.epidemic.epidemic_rsu.html" title="Simple Module epidemic_rsu" alt="" coords="681,5,779,31">
<area shape="rect" id="node26" href="org.car2x.veins.modules.application.flooding.Flooding.html" title="Simple Module Flooding" alt="" coords="3303,5,3375,31">
<area shape="rect" id="node27" href="ned.IBidirectionalChannel.html" title="Module Interface IBidirectionalChannel" alt="" coords="3400,5,3545,31">
<area shape="rect" id="node28" href="org.car2x.veins.modules.nic.Nic80211p.html" title="Compound Module Nic80211p" alt="" coords="1707,79,1791,104">
<area shape="rect" id="node32" href="org.car2x.veins.modules.mac.ieee80211p.Mac1609_4.html" title="Simple Module Mac1609_4" alt="" coords="1832,152,1921,177">
<area shape="rect" id="node43" href="org.car2x.veins.modules.phy.PhyLayer80211p.html" title="Simple Module PhyLayer80211p" alt="" coords="1689,152,1808,177">
<area shape="rect" id="node29" href="ned.IUnidirectionalChannel.html" title="Module Interface IUnidirectionalChannel" alt="" coords="3569,5,3723,31">
<area shape="rect" id="node30" href="org.car2x.veins.base.modules.IWirelessMac.html" title="Module Interface IWirelessMac" alt="" coords="3747,5,3849,31">
<area shape="rect" id="node31" href="org.car2x.veins.base.phyLayer.IWirelessPhy.html" title="Module Interface IWirelessPhy" alt="" coords="3873,5,3973,31">
<area shape="rect" id="node33" href="org.car2x.veins.modules.application.mfcv.mfcv.html" title="Simple Module mfcv" alt="" coords="3998,5,4070,31">
<area shape="rect" id="node34" href="org.car2x.veins.modules.application.mfcv_epidemic.mfcv_epidemic.html" title="Simple Module mfcv_epidemic" alt="" coords="4095,5,4205,31">
<area shape="rect" id="node35" href="org.car2x.veins.modules.application.mfcv_epidemic.mfcv_epidemic_app.html" title="Simple Module mfcv_epidemic_app" alt="" coords="4230,5,4369,31">
<area shape="rect" id="node36" href="org.car2x.veins.modules.application.mfcv_epidemic.mfcv_epidemic_rsu.html" title="Simple Module mfcv_epidemic_rsu" alt="" coords="804,5,939,31">
<area shape="rect" id="node37" href="org.car2x.veins.modules.application.mfcv.mfcv_rsu.html" title="Simple Module mfcv_rsu" alt="" coords="4393,5,4469,31">
<area shape="rect" id="node38" href="org.car2x.veins.modules.application.minicurso_UFPI_TraCI.minicurso_UFPI_TraCI.html" title="Simple Module minicurso_UFPI_TraCI" alt="" coords="4493,5,4649,31">
<area shape="rect" id="node39" href="org.car2x.veins.modules.application.minicurso_UFPI_TraCI.minicurso_UFPI_TraCI_RSU.html" title="Simple Module minicurso_UFPI_TraCI_RSU" alt="" coords="4674,5,4866,31">
<area shape="rect" id="node40" href="org.car2x.veins.modules.application.minicurso_UFPI_TraCI.minicurso_UFPI_TraCI_TestApp.html" title="Simple Module minicurso_UFPI_TraCI_TestApp" alt="" coords="4891,5,5103,31">
<area shape="rect" id="node41" href="net_advanced_flooding.html" title="Network net_advanced_flooding" alt="" coords="5126,5,5281,31">
<area shape="rect" id="node42" href="net_flooding.html" title="Network net_flooding" alt="" coords="5305,5,5397,31">
<area shape="rect" id="node45" href="org.car2x.veins.modules.application.osdp.osdp.html" title="Simple Module osdp" alt="" coords="5422,5,5494,31">
<area shape="rect" id="node46" href="org.car2x.veins.modules.application.osdp.osdp_RSU.html" title="Simple Module osdp_RSU" alt="" coords="5519,5,5605,31">
<area shape="rect" id="node47" href="RSU_bologna_acosta.html" title="Network RSU_bologna_acosta" alt="" coords="963,5,1113,31">
<area shape="rect" id="node48" href="RSU_default_veins.html" title="Network RSU_default_veins" alt="" coords="1137,5,1272,31">
<area shape="rect" id="node49" href="RSU_osdp.html" title="Network RSU_osdp" alt="" coords="1296,5,1383,31">
<area shape="rect" id="node50" href="rsu_range.html" title="Network rsu_range" alt="" coords="1407,5,1485,31">
<area shape="rect" id="node51" href="RSU_service_discovery.html" title="Network RSU_service_discovery" alt="" coords="1510,5,1673,31">
<area shape="rect" id="node52" href="RSU_test1.html" title="Network RSU_test1" alt="" coords="1697,5,1784,31">
<area shape="rect" id="node53" href="org.car2x.veins.modules.application.vehDist.vehDist_rsu.html" title="Simple Module vehDist_rsu" alt="" coords="1808,5,1900,31">
<area shape="rect" id="node54" href="RSU_minicurso_UFPI.html" title="Network RSU_minicurso_UFPI" alt="" coords="5630,5,5782,31">
<area shape="rect" id="node55" href="rsu_range2.html" title="Network rsu_range2" alt="" coords="5807,5,5893,31">
<area shape="rect" id="node57" href="org.car2x.veins.modules.application.service_discovery.service_discovery.html" title="Simple Module service_discovery" alt="" coords="5917,5,6044,31">
<area shape="rect" id="node58" href="org.car2x.veins.modules.application.service_discovery.service_discovery_RSU.html" title="Simple Module service_discovery_RSU" alt="" coords="6069,5,6231,31">
<area shape="rect" id="node59" href="org.car2x.veins.modules.application.test1.test1.html" title="Simple Module test1" alt="" coords="6255,5,6327,31">
<area shape="rect" id="node60" href="org.car2x.veins.modules.application.test1.test1_rsu.html" title="Simple Module test1_rsu" alt="" coords="6352,5,6428,31">
<area shape="rect" id="node61" href="org.car2x.veins.modules.mobility.traci.TraCIMobility.html" title="Simple Module TraCIMobility" alt="" coords="6452,5,6552,31">
<area shape="rect" id="node62" href="org.car2x.veins.modules.application.vehDist.vehDist.html" title="Simple Module vehDist" alt="" coords="6577,5,6649,31">
