<area shape="rect" id="node1" href="org.car2x.veins.base.modules.IBaseApplLayer.html" title="Module Interface IBaseApplLayer" alt="" coords="541,5,655,31">
<area shape="rect" id="node2" href="org.car2x.veins.modules.application.advanced_flooding.AdvancedFlooding.html" title="Simple Module AdvancedFlooding" alt="" coords="5,79,135,104">
<area shape="rect" id="node3" href="org.car2x.veins.modules.application.ieee80211p.BaseWaveApplLayer.html" title="Simple Module BaseWaveApplLayer" alt="" coords="159,79,303,104">
<area shape="rect" id="node4" href="org.car2x.veins.modules.application.default_veins_TraCI.default_veins_TraCI_TestApp.html" title="Simple Module default_veins_TraCI_TestApp" alt="" coords="327,79,522,104">
<area shape="rect" id="node5" href="org.car2x.veins.modules.application.epidemic.epidemic_app.html" title="Simple Module epidemic_app" alt="" coords="547,79,649,104">
<area shape="rect" id="node6" href="org.car2x.veins.modules.application.flooding.Flooding.html" title="Simple Module Flooding" alt="" coords="674,79,746,104">
<area shape="rect" id="node7" href="org.car2x.veins.modules.application.mfcv_epidemic.mfcv_epidemic_app.html" title="Simple Module mfcv_epidemic_app" alt="" coords="770,79,909,104">
<area shape="rect" id="node8" href="org.car2x.veins.modules.application.minicurso_UFPI_TraCI.minicurso_UFPI_TraCI_TestApp.html" title="Simple Module minicurso_UFPI_TraCI_TestApp" alt="" coords="933,79,1145,104">
