<area shape="rect" id="node1" href="org.car2x.veins.nodes.Scenario.html" title="Network Scenario" alt="" coords="551,5,624,31">
<area shape="rect" id="node2" href="mfcv_rsu.html" title="Network mfcv_rsu" alt="" coords="5,79,81,104">
<area shape="rect" id="node3" href="RSU_bologna_acosta.html" title="Network RSU_bologna_acosta" alt="" coords="106,79,255,104">
<area shape="rect" id="node4" href="RSU_default_veins.html" title="Network RSU_default_veins" alt="" coords="280,79,415,104">
<area shape="rect" id="node5" href="RSU_minicurso_UFPI.html" title="Network RSU_minicurso_UFPI" alt="" coords="439,79,591,104">
<area shape="rect" id="node6" href="RSU_osdp.html" title="Network RSU_osdp" alt="" coords="616,79,703,104">
<area shape="rect" id="node7" href="rsu_range.html" title="Network rsu_range" alt="" coords="727,79,805,104">
<area shape="rect" id="node8" href="RSU_service_discovery.html" title="Network RSU_service_discovery" alt="" coords="830,79,993,104">
<area shape="rect" id="node9" href="RSU_test1.html" title="Network RSU_test1" alt="" coords="1017,79,1104,104">
